src/pages/AssetPage.tsx(96,34): error TS2339: Property 'addCandlestickSeries' does not exist on type 'IChartApi'.
src/pages/AssetPage.tsx(100,34): error TS2551: Property 'addHistogramSeries' does not exist on type 'IChartApi'. Did you mean 'addCustomSeries'?
src/pages/DashboardPage.tsx(8,22): error TS2614: Module '"react-grid-layout"' has no exported member 'WidthProvider'. Did you mean to use 'import WidthProvider from "react-grid-layout"' instead?
src/pages/LandingPage.tsx(85,21): error TS2322: Type '{ hidden: { opacity: number; y: number; }; visible: { opacity: number; y: number; transition: { type: string; stiffness: number; damping: number; }; }; }' is not assignable to type 'Variants'.
  Property 'visible' is incompatible with index signature.
    Type '{ opacity: number; y: number; transition: { type: string; stiffness: number; damping: number; }; }' is not assignable to type 'Variant'.
      Type '{ opacity: number; y: number; transition: { type: string; stiffness: number; damping: number; }; }' is not assignable to type 'TargetAndTransition'.
        Type '{ opacity: number; y: number; transition: { type: string; stiffness: number; damping: number; }; }' is not assignable to type '{ transition?: Transition<any>; transitionEnd?: ResolvedValues$1; }'.
          Types of property 'transition' are incompatible.
            Type '{ type: string; stiffness: number; damping: number; }' is not assignable to type 'Transition<any>'.
              Type '{ type: string; stiffness: number; damping: number; }' is not assignable to type 'TransitionWithValueOverrides<any>'.
                Type '{ type: string; stiffness: number; damping: number; }' is not assignable to type 'ValueAnimationTransition<any>'.
                  Types of property 'type' are incompatible.
                    Type 'string' is not assignable to type 'AnimationGeneratorType'.
src/pages/LandingPage.tsx(90,20): error TS2322: Type '{ hidden: { opacity: number; y: number; }; visible: { opacity: number; y: number; transition: { type: string; stiffness: number; damping: number; }; }; }' is not assignable to type 'Variants'.
  Property 'visible' is incompatible with index signature.
    Type '{ opacity: number; y: number; transition: { type: string; stiffness: number; damping: number; }; }' is not assignable to type 'Variant'.
      Type '{ opacity: number; y: number; transition: { type: string; stiffness: number; damping: number; }; }' is not assignable to type 'TargetAndTransition'.
        Type '{ opacity: number; y: number; transition: { type: string; stiffness: number; damping: number; }; }' is not assignable to type '{ transition?: Transition<any>; transitionEnd?: ResolvedValues$1; }'.
          Types of property 'transition' are incompatible.
            Type '{ type: string; stiffness: number; damping: number; }' is not assignable to type 'Transition<any>'.
              Type '{ type: string; stiffness: number; damping: number; }' is not assignable to type 'TransitionWithValueOverrides<any>'.
                Type '{ type: string; stiffness: number; damping: number; }' is not assignable to type 'ValueAnimationTransition<any>'.
                  Types of property 'type' are incompatible.
                    Type 'string' is not assignable to type 'AnimationGeneratorType'.
src/pages/LandingPage.tsx(97,19): error TS2322: Type '{ hidden: { opacity: number; y: number; }; visible: { opacity: number; y: number; transition: { type: string; stiffness: number; damping: number; }; }; }' is not assignable to type 'Variants'.
  Property 'visible' is incompatible with index signature.
    Type '{ opacity: number; y: number; transition: { type: string; stiffness: number; damping: number; }; }' is not assignable to type 'Variant'.
      Type '{ opacity: number; y: number; transition: { type: string; stiffness: number; damping: number; }; }' is not assignable to type 'TargetAndTransition'.
        Type '{ opacity: number; y: number; transition: { type: string; stiffness: number; damping: number; }; }' is not assignable to type '{ transition?: Transition<any>; transitionEnd?: ResolvedValues$1; }'.
          Types of property 'transition' are incompatible.
            Type '{ type: string; stiffness: number; damping: number; }' is not assignable to type 'Transition<any>'.
              Type '{ type: string; stiffness: number; damping: number; }' is not assignable to type 'TransitionWithValueOverrides<any>'.
                Type '{ type: string; stiffness: number; damping: number; }' is not assignable to type 'ValueAnimationTransition<any>'.
                  Types of property 'type' are incompatible.
                    Type 'string' is not assignable to type 'AnimationGeneratorType'.
src/pages/LandingPage.tsx(101,21): error TS2322: Type '{ hidden: { opacity: number; y: number; }; visible: { opacity: number; y: number; transition: { type: string; stiffness: number; damping: number; }; }; }' is not assignable to type 'Variants'.
  Property 'visible' is incompatible with index signature.
    Type '{ opacity: number; y: number; transition: { type: string; stiffness: number; damping: number; }; }' is not assignable to type 'Variant'.
      Type '{ opacity: number; y: number; transition: { type: string; stiffness: number; damping: number; }; }' is not assignable to type 'TargetAndTransition'.
        Type '{ opacity: number; y: number; transition: { type: string; stiffness: number; damping: number; }; }' is not assignable to type '{ transition?: Transition<any>; transitionEnd?: ResolvedValues$1; }'.
          Types of property 'transition' are incompatible.
            Type '{ type: string; stiffness: number; damping: number; }' is not assignable to type 'Transition<any>'.
              Type '{ type: string; stiffness: number; damping: number; }' is not assignable to type 'TransitionWithValueOverrides<any>'.
                Type '{ type: string; stiffness: number; damping: number; }' is not assignable to type 'ValueAnimationTransition<any>'.
                  Types of property 'type' are incompatible.
                    Type 'string' is not assignable to type 'AnimationGeneratorType'.
src/pages/LandingPage.tsx(116,23): error TS2322: Type '{ hidden: { opacity: number; y: number; }; visible: { opacity: number; y: number; transition: { type: string; stiffness: number; damping: number; }; }; }' is not assignable to type 'Variants'.
  Property 'visible' is incompatible with index signature.
    Type '{ opacity: number; y: number; transition: { type: string; stiffness: number; damping: number; }; }' is not assignable to type 'Variant'.
      Type '{ opacity: number; y: number; transition: { type: string; stiffness: number; damping: number; }; }' is not assignable to type 'TargetAndTransition'.
        Type '{ opacity: number; y: number; transition: { type: string; stiffness: number; damping: number; }; }' is not assignable to type '{ transition?: Transition<any>; transitionEnd?: ResolvedValues$1; }'.
          Types of property 'transition' are incompatible.
            Type '{ type: string; stiffness: number; damping: number; }' is not assignable to type 'Transition<any>'.
              Type '{ type: string; stiffness: number; damping: number; }' is not assignable to type 'TransitionWithValueOverrides<any>'.
                Type '{ type: string; stiffness: number; damping: number; }' is not assignable to type 'ValueAnimationTransition<any>'.
                  Types of property 'type' are incompatible.
                    Type 'string' is not assignable to type 'AnimationGeneratorType'.
src/pages/LandingPage.tsx(126,23): error TS2322: Type '{ hidden: { opacity: number; y: number; }; visible: { opacity: number; y: number; transition: { type: string; stiffness: number; damping: number; }; }; }' is not assignable to type 'Variants'.
  Property 'visible' is incompatible with index signature.
    Type '{ opacity: number; y: number; transition: { type: string; stiffness: number; damping: number; }; }' is not assignable to type 'Variant'.
      Type '{ opacity: number; y: number; transition: { type: string; stiffness: number; damping: number; }; }' is not assignable to type 'TargetAndTransition'.
        Type '{ opacity: number; y: number; transition: { type: string; stiffness: number; damping: number; }; }' is not assignable to type '{ transition?: Transition<any>; transitionEnd?: ResolvedValues$1; }'.
          Types of property 'transition' are incompatible.
            Type '{ type: string; stiffness: number; damping: number; }' is not assignable to type 'Transition<any>'.
              Type '{ type: string; stiffness: number; damping: number; }' is not assignable to type 'TransitionWithValueOverrides<any>'.
                Type '{ type: string; stiffness: number; damping: number; }' is not assignable to type 'ValueAnimationTransition<any>'.
                  Types of property 'type' are incompatible.
                    Type 'string' is not assignable to type 'AnimationGeneratorType'.
src/pages/LandingPage.tsx(137,23): error TS2322: Type '{ hidden: { opacity: number; y: number; }; visible: { opacity: number; y: number; transition: { type: string; stiffness: number; damping: number; }; }; }' is not assignable to type 'Variants'.
  Property 'visible' is incompatible with index signature.
    Type '{ opacity: number; y: number; transition: { type: string; stiffness: number; damping: number; }; }' is not assignable to type 'Variant'.
      Type '{ opacity: number; y: number; transition: { type: string; stiffness: number; damping: number; }; }' is not assignable to type 'TargetAndTransition'.
        Type '{ opacity: number; y: number; transition: { type: string; stiffness: number; damping: number; }; }' is not assignable to type '{ transition?: Transition<any>; transitionEnd?: ResolvedValues$1; }'.
          Types of property 'transition' are incompatible.
            Type '{ type: string; stiffness: number; damping: number; }' is not assignable to type 'Transition<any>'.
              Type '{ type: string; stiffness: number; damping: number; }' is not assignable to type 'TransitionWithValueOverrides<any>'.
                Type '{ type: string; stiffness: number; damping: number; }' is not assignable to type 'ValueAnimationTransition<any>'.
                  Types of property 'type' are incompatible.
                    Type 'string' is not assignable to type 'AnimationGeneratorType'.
